// Jest Snapshot v1, https://goo.gl/fbAQLP

exports[`Card component Should render a Mapquest job card 1`] = `
<div
  class="component"
  data-testid="app-card"
  draggable="true"
  style="opacity: 1;"
>
  <img
    class="logo"
  />
  <h3
    class="companyName"
  />
  <h3
    class="subText"
  />
  <button
    class="delete"
  >
    <img
      src="https://cdn-icons-png.flaticon.com/128/3221/3221803.png"
    />
  </button>
</div>
`;
